Archive member included because of file (symbol)

e:/islam/careers/embedded/iti/sessions/01cprogramming/session14/imt_sdk_win_64/winavr/bin/../lib/gcc/avr/4.3.3/avr5\libgcc.a(_udivmodhi4.o)
                              ./HAL/STEPPER_MOTOR/STEPPER_program.o (__udivmodhi4)
e:/islam/careers/embedded/iti/sessions/01cprogramming/session14/imt_sdk_win_64/winavr/bin/../lib/gcc/avr/4.3.3/avr5\libgcc.a(_udivmodsi4.o)
                              ./HAL/CLCD/CLCD_program.o (__udivmodsi4)
e:/islam/careers/embedded/iti/sessions/01cprogramming/session14/imt_sdk_win_64/winavr/bin/../lib/gcc/avr/4.3.3/avr5\libgcc.a(_exit.o)
                              e:/islam/careers/embedded/iti/sessions/01cprogramming/session14/imt_sdk_win_64/winavr/bin/../lib/gcc/avr/4.3.3/../../../../avr/lib/avr5/crtm32.o (exit)
e:/islam/careers/embedded/iti/sessions/01cprogramming/session14/imt_sdk_win_64/winavr/bin/../lib/gcc/avr/4.3.3/avr5\libgcc.a(_copy_data.o)
                              ./HAL/SSD/SSD_program.o (__do_copy_data)
e:/islam/careers/embedded/iti/sessions/01cprogramming/session14/imt_sdk_win_64/winavr/bin/../lib/gcc/avr/4.3.3/avr5\libgcc.a(_fixunssfsi.o)
                              ./HAL/STEPPER_MOTOR/STEPPER_program.o (__fixunssfsi)
e:/islam/careers/embedded/iti/sessions/01cprogramming/session14/imt_sdk_win_64/winavr/bin/../lib/gcc/avr/4.3.3/avr5\libgcc.a(_addsub_sf.o)
                              e:/islam/careers/embedded/iti/sessions/01cprogramming/session14/imt_sdk_win_64/winavr/bin/../lib/gcc/avr/4.3.3/avr5\libgcc.a(_fixunssfsi.o) (__subsf3)
e:/islam/careers/embedded/iti/sessions/01cprogramming/session14/imt_sdk_win_64/winavr/bin/../lib/gcc/avr/4.3.3/avr5\libgcc.a(_mul_sf.o)
                              ./HAL/STEPPER_MOTOR/STEPPER_program.o (__mulsf3)
e:/islam/careers/embedded/iti/sessions/01cprogramming/session14/imt_sdk_win_64/winavr/bin/../lib/gcc/avr/4.3.3/avr5\libgcc.a(_div_sf.o)
                              ./HAL/CLCD/CLCD_program.o (__divsf3)
e:/islam/careers/embedded/iti/sessions/01cprogramming/session14/imt_sdk_win_64/winavr/bin/../lib/gcc/avr/4.3.3/avr5\libgcc.a(_gt_sf.o)
                              ./HAL/STEPPER_MOTOR/STEPPER_program.o (__gtsf2)
e:/islam/careers/embedded/iti/sessions/01cprogramming/session14/imt_sdk_win_64/winavr/bin/../lib/gcc/avr/4.3.3/avr5\libgcc.a(_ge_sf.o)
                              e:/islam/careers/embedded/iti/sessions/01cprogramming/session14/imt_sdk_win_64/winavr/bin/../lib/gcc/avr/4.3.3/avr5\libgcc.a(_fixunssfsi.o) (__gesf2)
e:/islam/careers/embedded/iti/sessions/01cprogramming/session14/imt_sdk_win_64/winavr/bin/../lib/gcc/avr/4.3.3/avr5\libgcc.a(_lt_sf.o)
                              ./HAL/STEPPER_MOTOR/STEPPER_program.o (__ltsf2)
e:/islam/careers/embedded/iti/sessions/01cprogramming/session14/imt_sdk_win_64/winavr/bin/../lib/gcc/avr/4.3.3/avr5\libgcc.a(_sf_to_si.o)
                              e:/islam/careers/embedded/iti/sessions/01cprogramming/session14/imt_sdk_win_64/winavr/bin/../lib/gcc/avr/4.3.3/avr5\libgcc.a(_fixunssfsi.o) (__fixsfsi)
e:/islam/careers/embedded/iti/sessions/01cprogramming/session14/imt_sdk_win_64/winavr/bin/../lib/gcc/avr/4.3.3/avr5\libgcc.a(_thenan_sf.o)
                              e:/islam/careers/embedded/iti/sessions/01cprogramming/session14/imt_sdk_win_64/winavr/bin/../lib/gcc/avr/4.3.3/avr5\libgcc.a(_addsub_sf.o) (__thenan_sf)
e:/islam/careers/embedded/iti/sessions/01cprogramming/session14/imt_sdk_win_64/winavr/bin/../lib/gcc/avr/4.3.3/avr5\libgcc.a(_prologue.o)
                              e:/islam/careers/embedded/iti/sessions/01cprogramming/session14/imt_sdk_win_64/winavr/bin/../lib/gcc/avr/4.3.3/avr5\libgcc.a(_addsub_sf.o) (__prologue_saves__)
e:/islam/careers/embedded/iti/sessions/01cprogramming/session14/imt_sdk_win_64/winavr/bin/../lib/gcc/avr/4.3.3/avr5\libgcc.a(_epilogue.o)
                              e:/islam/careers/embedded/iti/sessions/01cprogramming/session14/imt_sdk_win_64/winavr/bin/../lib/gcc/avr/4.3.3/avr5\libgcc.a(_addsub_sf.o) (__epilogue_restores__)
e:/islam/careers/embedded/iti/sessions/01cprogramming/session14/imt_sdk_win_64/winavr/bin/../lib/gcc/avr/4.3.3/avr5\libgcc.a(_pack_sf.o)
                              e:/islam/careers/embedded/iti/sessions/01cprogramming/session14/imt_sdk_win_64/winavr/bin/../lib/gcc/avr/4.3.3/avr5\libgcc.a(_addsub_sf.o) (__pack_f)
e:/islam/careers/embedded/iti/sessions/01cprogramming/session14/imt_sdk_win_64/winavr/bin/../lib/gcc/avr/4.3.3/avr5\libgcc.a(_unpack_sf.o)
                              e:/islam/careers/embedded/iti/sessions/01cprogramming/session14/imt_sdk_win_64/winavr/bin/../lib/gcc/avr/4.3.3/avr5\libgcc.a(_addsub_sf.o) (__unpack_f)
e:/islam/careers/embedded/iti/sessions/01cprogramming/session14/imt_sdk_win_64/winavr/bin/../lib/gcc/avr/4.3.3/avr5\libgcc.a(_fpcmp_parts_sf.o)
                              e:/islam/careers/embedded/iti/sessions/01cprogramming/session14/imt_sdk_win_64/winavr/bin/../lib/gcc/avr/4.3.3/avr5\libgcc.a(_gt_sf.o) (__fpcmp_parts_f)

Memory Configuration

Name             Origin             Length             Attributes
text             0x00000000         0x00020000         xr
data             0x00800060         0x0000ffa0         rw !x
eeprom           0x00810000         0x00010000         rw !x
fuse             0x00820000         0x00000400         rw !x
lock             0x00830000         0x00000400         rw !x
signature        0x00840000         0x00000400         rw !x
*default*        0x00000000         0xffffffff

Linker script and memory map

LOAD e:/islam/careers/embedded/iti/sessions/01cprogramming/session14/imt_sdk_win_64/winavr/bin/../lib/gcc/avr/4.3.3/../../../../avr/lib/avr5/crtm32.o
LOAD ./MCAL/DIO/DIO_program.o
LOAD ./HAL/STEPPER_MOTOR/STEPPER_program.o
LOAD ./HAL/SSD/SSD_program.o
LOAD ./HAL/LED/LED_program.o
LOAD ./HAL/KPAD/KPAD_program.o
LOAD ./HAL/DC_MOTOR/DCMOTOR_program.o
LOAD ./HAL/CLCD/CLCD_program.o
LOAD ./main.o
LOAD e:/islam/careers/embedded/iti/sessions/01cprogramming/session14/imt_sdk_win_64/winavr/bin/../lib/gcc/avr/4.3.3/avr5\libgcc.a
LOAD e:/islam/careers/embedded/iti/sessions/01cprogramming/session14/imt_sdk_win_64/winavr/bin/../lib/gcc/avr/4.3.3/../../../../avr/lib/avr5\libc.a
LOAD e:/islam/careers/embedded/iti/sessions/01cprogramming/session14/imt_sdk_win_64/winavr/bin/../lib/gcc/avr/4.3.3/avr5\libgcc.a

.hash
 *(.hash)

.dynsym
 *(.dynsym)

.dynstr
 *(.dynstr)

.gnu.version
 *(.gnu.version)

.gnu.version_d
 *(.gnu.version_d)

.gnu.version_r
 *(.gnu.version_r)

.rel.init
 *(.rel.init)

.rela.init
 *(.rela.init)

.rel.text
 *(.rel.text)
 *(.rel.text.*)
 *(.rel.gnu.linkonce.t*)

.rela.text
 *(.rela.text)
 *(.rela.text.*)
 *(.rela.gnu.linkonce.t*)

.rel.fini
 *(.rel.fini)

.rela.fini
 *(.rela.fini)

.rel.rodata
 *(.rel.rodata)
 *(.rel.rodata.*)
 *(.rel.gnu.linkonce.r*)

.rela.rodata
 *(.rela.rodata)
 *(.rela.rodata.*)
 *(.rela.gnu.linkonce.r*)

.rel.data
 *(.rel.data)
 *(.rel.data.*)
 *(.rel.gnu.linkonce.d*)

.rela.data
 *(.rela.data)
 *(.rela.data.*)
 *(.rela.gnu.linkonce.d*)

.rel.ctors
 *(.rel.ctors)

.rela.ctors
 *(.rela.ctors)

.rel.dtors
 *(.rel.dtors)

.rela.dtors
 *(.rela.dtors)

.rel.got
 *(.rel.got)

.rela.got
 *(.rela.got)

.rel.bss
 *(.rel.bss)

.rela.bss
 *(.rela.bss)

.rel.plt
 *(.rel.plt)

.rela.plt
 *(.rela.plt)

.text           0x00000000     0x5ad4
 *(.vectors)
 .vectors       0x00000000       0x54 e:/islam/careers/embedded/iti/sessions/01cprogramming/session14/imt_sdk_win_64/winavr/bin/../lib/gcc/avr/4.3.3/../../../../avr/lib/avr5/crtm32.o
                0x00000000                __vectors
                0x00000000                __vector_default
 *(.vectors)
 *(.progmem.gcc*)
 *(.progmem*)
                0x00000054                . = ALIGN (0x2)
                0x00000054                __trampolines_start = .
 *(.trampolines)
 .trampolines   0x00000054        0x0 linker stubs
 *(.trampolines*)
                0x00000054                __trampolines_end = .
 *(.jumptables)
 *(.jumptables*)
 *(.lowtext)
 *(.lowtext*)
                0x00000054                __ctors_start = .
 *(.ctors)
                0x00000054                __ctors_end = .
                0x00000054                __dtors_start = .
 *(.dtors)
                0x00000054                __dtors_end = .
 SORT(*)(.ctors)
 SORT(*)(.dtors)
 *(.init0)
 .init0         0x00000054        0x0 e:/islam/careers/embedded/iti/sessions/01cprogramming/session14/imt_sdk_win_64/winavr/bin/../lib/gcc/avr/4.3.3/../../../../avr/lib/avr5/crtm32.o
                0x00000054                __init
 *(.init0)
 *(.init1)
 *(.init1)
 *(.init2)
 .init2         0x00000054        0xc e:/islam/careers/embedded/iti/sessions/01cprogramming/session14/imt_sdk_win_64/winavr/bin/../lib/gcc/avr/4.3.3/../../../../avr/lib/avr5/crtm32.o
 *(.init2)
 *(.init3)
 *(.init3)
 *(.init4)
 .init4         0x00000060       0x16 e:/islam/careers/embedded/iti/sessions/01cprogramming/session14/imt_sdk_win_64/winavr/bin/../lib/gcc/avr/4.3.3/avr5\libgcc.a(_copy_data.o)
                0x00000060                __do_copy_data
 *(.init4)
 *(.init5)
 *(.init5)
 *(.init6)
 *(.init6)
 *(.init7)
 *(.init7)
 *(.init8)
 *(.init8)
 *(.init9)
 .init9         0x00000076        0x8 e:/islam/careers/embedded/iti/sessions/01cprogramming/session14/imt_sdk_win_64/winavr/bin/../lib/gcc/avr/4.3.3/../../../../avr/lib/avr5/crtm32.o
 *(.init9)
 *(.text)
 .text          0x0000007e        0x4 e:/islam/careers/embedded/iti/sessions/01cprogramming/session14/imt_sdk_win_64/winavr/bin/../lib/gcc/avr/4.3.3/../../../../avr/lib/avr5/crtm32.o
                0x0000007e                __vector_1
                0x0000007e                __vector_12
                0x0000007e                __bad_interrupt
                0x0000007e                __vector_6
                0x0000007e                __vector_3
                0x0000007e                __vector_11
                0x0000007e                __vector_13
                0x0000007e                __vector_17
                0x0000007e                __vector_19
                0x0000007e                __vector_7
                0x0000007e                __vector_5
                0x0000007e                __vector_4
                0x0000007e                __vector_9
                0x0000007e                __vector_2
                0x0000007e                __vector_15
                0x0000007e                __vector_8
                0x0000007e                __vector_14
                0x0000007e                __vector_10
                0x0000007e                __vector_16
                0x0000007e                __vector_18
                0x0000007e                __vector_20
 .text          0x00000082        0x0 ./MCAL/DIO/DIO_program.o
 .text          0x00000082        0x0 ./HAL/STEPPER_MOTOR/STEPPER_program.o
 .text          0x00000082        0x0 ./HAL/SSD/SSD_program.o
 .text          0x00000082        0x0 ./HAL/LED/LED_program.o
 .text          0x00000082        0x0 ./HAL/KPAD/KPAD_program.o
 .text          0x00000082        0x0 ./HAL/DC_MOTOR/DCMOTOR_program.o
 .text          0x00000082        0x0 ./HAL/CLCD/CLCD_program.o
 .text          0x00000082        0x0 ./main.o
 .text          0x00000082        0x0 e:/islam/careers/embedded/iti/sessions/01cprogramming/session14/imt_sdk_win_64/winavr/bin/../lib/gcc/avr/4.3.3/avr5\libgcc.a(_udivmodhi4.o)
 .text          0x00000082        0x0 e:/islam/careers/embedded/iti/sessions/01cprogramming/session14/imt_sdk_win_64/winavr/bin/../lib/gcc/avr/4.3.3/avr5\libgcc.a(_udivmodsi4.o)
 .text          0x00000082        0x0 e:/islam/careers/embedded/iti/sessions/01cprogramming/session14/imt_sdk_win_64/winavr/bin/../lib/gcc/avr/4.3.3/avr5\libgcc.a(_exit.o)
 .text          0x00000082        0x0 e:/islam/careers/embedded/iti/sessions/01cprogramming/session14/imt_sdk_win_64/winavr/bin/../lib/gcc/avr/4.3.3/avr5\libgcc.a(_copy_data.o)
 .text          0x00000082       0x58 e:/islam/careers/embedded/iti/sessions/01cprogramming/session14/imt_sdk_win_64/winavr/bin/../lib/gcc/avr/4.3.3/avr5\libgcc.a(_fixunssfsi.o)
                0x00000082                __fixunssfsi
 .text          0x000000da      0x354 e:/islam/careers/embedded/iti/sessions/01cprogramming/session14/imt_sdk_win_64/winavr/bin/../lib/gcc/avr/4.3.3/avr5\libgcc.a(_addsub_sf.o)
                0x00000372                __subsf3
                0x000003d4                __addsf3
 .text          0x0000042e      0x1f4 e:/islam/careers/embedded/iti/sessions/01cprogramming/session14/imt_sdk_win_64/winavr/bin/../lib/gcc/avr/4.3.3/avr5\libgcc.a(_mul_sf.o)
                0x0000042e                __mulsf3
 .text          0x00000622      0x158 e:/islam/careers/embedded/iti/sessions/01cprogramming/session14/imt_sdk_win_64/winavr/bin/../lib/gcc/avr/4.3.3/avr5\libgcc.a(_div_sf.o)
                0x00000622                __divsf3
 .text          0x0000077a       0x60 e:/islam/careers/embedded/iti/sessions/01cprogramming/session14/imt_sdk_win_64/winavr/bin/../lib/gcc/avr/4.3.3/avr5\libgcc.a(_gt_sf.o)
                0x0000077a                __gtsf2
 .text          0x000007da       0x60 e:/islam/careers/embedded/iti/sessions/01cprogramming/session14/imt_sdk_win_64/winavr/bin/../lib/gcc/avr/4.3.3/avr5\libgcc.a(_ge_sf.o)
                0x000007da                __gesf2
 .text          0x0000083a       0x60 e:/islam/careers/embedded/iti/sessions/01cprogramming/session14/imt_sdk_win_64/winavr/bin/../lib/gcc/avr/4.3.3/avr5\libgcc.a(_lt_sf.o)
                0x0000083a                __ltsf2
 .text          0x0000089a       0xa8 e:/islam/careers/embedded/iti/sessions/01cprogramming/session14/imt_sdk_win_64/winavr/bin/../lib/gcc/avr/4.3.3/avr5\libgcc.a(_sf_to_si.o)
                0x0000089a                __fixsfsi
 .text          0x00000942        0x0 e:/islam/careers/embedded/iti/sessions/01cprogramming/session14/imt_sdk_win_64/winavr/bin/../lib/gcc/avr/4.3.3/avr5\libgcc.a(_thenan_sf.o)
 .text          0x00000942        0x0 e:/islam/careers/embedded/iti/sessions/01cprogramming/session14/imt_sdk_win_64/winavr/bin/../lib/gcc/avr/4.3.3/avr5\libgcc.a(_prologue.o)
 .text          0x00000942        0x0 e:/islam/careers/embedded/iti/sessions/01cprogramming/session14/imt_sdk_win_64/winavr/bin/../lib/gcc/avr/4.3.3/avr5\libgcc.a(_epilogue.o)
 .text          0x00000942      0x1aa e:/islam/careers/embedded/iti/sessions/01cprogramming/session14/imt_sdk_win_64/winavr/bin/../lib/gcc/avr/4.3.3/avr5\libgcc.a(_pack_sf.o)
                0x00000942                __pack_f
 .text          0x00000aec       0xf0 e:/islam/careers/embedded/iti/sessions/01cprogramming/session14/imt_sdk_win_64/winavr/bin/../lib/gcc/avr/4.3.3/avr5\libgcc.a(_unpack_sf.o)
                0x00000aec                __unpack_f
 .text          0x00000bdc       0xb2 e:/islam/careers/embedded/iti/sessions/01cprogramming/session14/imt_sdk_win_64/winavr/bin/../lib/gcc/avr/4.3.3/avr5\libgcc.a(_fpcmp_parts_sf.o)
                0x00000bdc                __fpcmp_parts_f
                0x00000c8e                . = ALIGN (0x2)
 *(.text.*)
 .text.DIO_voidSetupPinDirection
                0x00000c8e      0x210 ./MCAL/DIO/DIO_program.o
                0x00000c8e                DIO_voidSetupPinDirection
 .text.DIO_voidSetPinValue
                0x00000e9e      0x210 ./MCAL/DIO/DIO_program.o
                0x00000e9e                DIO_voidSetPinValue
 .text.DIO_u8GetPinValue
                0x000010ae       0xf6 ./MCAL/DIO/DIO_program.o
                0x000010ae                DIO_u8GetPinValue
 .text.DIO_voidSetPortDirection
                0x000011a4      0x10a ./MCAL/DIO/DIO_program.o
                0x000011a4                DIO_voidSetPortDirection
 .text.DIO_voidSetPortValue
                0x000012ae       0x82 ./MCAL/DIO/DIO_program.o
                0x000012ae                DIO_voidSetPortValue
 .text.DIO_u8GetPortValue
                0x00001330       0x86 ./MCAL/DIO/DIO_program.o
                0x00001330                DIO_u8GetPortValue
 .text.STEPPER_voidInit
                0x000013b6       0x5e ./HAL/STEPPER_MOTOR/STEPPER_program.o
                0x000013b6                STEPPER_voidInit
 .text.STEPPER_voidOn
                0x00001414     0x255a ./HAL/STEPPER_MOTOR/STEPPER_program.o
                0x00001414                STEPPER_voidOn
 .text.STEPPER_voidOff
                0x0000396e       0x36 ./HAL/STEPPER_MOTOR/STEPPER_program.o
                0x0000396e                STEPPER_voidOff
 .text.STEPPER_voidRotate
                0x000039a4      0xa8c ./HAL/STEPPER_MOTOR/STEPPER_program.o
                0x000039a4                STEPPER_voidRotate
 .text.SSD_voidInit
                0x00004430       0x66 ./HAL/SSD/SSD_program.o
                0x00004430                SSD_voidInit
 .text.SSD_voidEnable
                0x00004496       0x84 ./HAL/SSD/SSD_program.o
                0x00004496                SSD_voidEnable
 .text.SSD_voidDisable
                0x0000451a       0x5a ./HAL/SSD/SSD_program.o
                0x0000451a                SSD_voidDisable
 .text.LED_voidInit
                0x00004574       0x7c ./HAL/LED/LED_program.o
                0x00004574                LED_voidInit
 .text.LED_voidON
                0x000045f0       0x68 ./HAL/LED/LED_program.o
                0x000045f0                LED_voidON
 .text.LED_voidOFF
                0x00004658       0x68 ./HAL/LED/LED_program.o
                0x00004658                LED_voidOFF
 .text.KPAD_voidInit
                0x000046c0       0xae ./HAL/KPAD/KPAD_program.o
                0x000046c0                KPAD_voidInit
 .text.KPAD_u8GetPressed
                0x0000476e      0x1a8 ./HAL/KPAD/KPAD_program.o
                0x0000476e                KPAD_u8GetPressed
 .text.DCMOTOR_voidInit
                0x00004916       0x22 ./HAL/DC_MOTOR/DCMOTOR_program.o
                0x00004916                DCMOTOR_voidInit
 .text.DCMOTOR_voidCWRotate
                0x00004938       0x22 ./HAL/DC_MOTOR/DCMOTOR_program.o
                0x00004938                DCMOTOR_voidCWRotate
 .text.DCMOTOR_voidCCWRotate
                0x0000495a       0x22 ./HAL/DC_MOTOR/DCMOTOR_program.o
                0x0000495a                DCMOTOR_voidCCWRotate
 .text.DCMOTOR_voidStop
                0x0000497c       0x22 ./HAL/DC_MOTOR/DCMOTOR_program.o
                0x0000497c                DCMOTOR_voidStop
 .text.CLCD_voidInit
                0x0000499e      0x5ac ./HAL/CLCD/CLCD_program.o
                0x0000499e                CLCD_voidInit
 .text.CLCD_voidSendCommand
                0x00004f4a      0x350 ./HAL/CLCD/CLCD_program.o
                0x00004f4a                CLCD_voidSendCommand
 .text.CLCD_voidSendData
                0x0000529a      0x350 ./HAL/CLCD/CLCD_program.o
                0x0000529a                CLCD_voidSendData
 .text.CLCD_voidSetPosition
                0x000055ea       0x50 ./HAL/CLCD/CLCD_program.o
                0x000055ea                CLCD_voidSetPosition
 .text.CLCD_voidSendExtraChar
                0x0000563a       0x82 ./HAL/CLCD/CLCD_program.o
                0x0000563a                CLCD_voidSendExtraChar
 .text.CLCD_voidStoreExtraChar
                0x000056bc       0x68 ./HAL/CLCD/CLCD_program.o
                0x000056bc                CLCD_voidStoreExtraChar
 .text.CLCD_voidSendString
                0x00005724      0x146 ./HAL/CLCD/CLCD_program.o
                0x00005724                CLCD_voidSendString
 .text.CLCD_voidSendu32Number
                0x0000586a      0x182 ./HAL/CLCD/CLCD_program.o
                0x0000586a                CLCD_voidSendu32Number
 .text.main     0x000059ec        0xa ./main.o
                0x000059ec                main
 .text.libgcc   0x000059f6       0x28 e:/islam/careers/embedded/iti/sessions/01cprogramming/session14/imt_sdk_win_64/winavr/bin/../lib/gcc/avr/4.3.3/avr5\libgcc.a(_udivmodhi4.o)
                0x000059f6                __udivmodhi4
 .text.libgcc   0x00005a1e       0x44 e:/islam/careers/embedded/iti/sessions/01cprogramming/session14/imt_sdk_win_64/winavr/bin/../lib/gcc/avr/4.3.3/avr5\libgcc.a(_udivmodsi4.o)
                0x00005a1e                __udivmodsi4
 .text.libgcc   0x00005a62        0x0 e:/islam/careers/embedded/iti/sessions/01cprogramming/session14/imt_sdk_win_64/winavr/bin/../lib/gcc/avr/4.3.3/avr5\libgcc.a(_exit.o)
 .text.libgcc   0x00005a62        0x0 e:/islam/careers/embedded/iti/sessions/01cprogramming/session14/imt_sdk_win_64/winavr/bin/../lib/gcc/avr/4.3.3/avr5\libgcc.a(_copy_data.o)
 .text.libgcc   0x00005a62       0x38 e:/islam/careers/embedded/iti/sessions/01cprogramming/session14/imt_sdk_win_64/winavr/bin/../lib/gcc/avr/4.3.3/avr5\libgcc.a(_prologue.o)
                0x00005a62                __prologue_saves__
 .text.libgcc   0x00005a9a       0x36 e:/islam/careers/embedded/iti/sessions/01cprogramming/session14/imt_sdk_win_64/winavr/bin/../lib/gcc/avr/4.3.3/avr5\libgcc.a(_epilogue.o)
                0x00005a9a                __epilogue_restores__
                0x00005ad0                . = ALIGN (0x2)
 *(.fini9)
 .fini9         0x00005ad0        0x0 e:/islam/careers/embedded/iti/sessions/01cprogramming/session14/imt_sdk_win_64/winavr/bin/../lib/gcc/avr/4.3.3/avr5\libgcc.a(_exit.o)
                0x00005ad0                exit
                0x00005ad0                _exit
 *(.fini9)
 *(.fini8)
 *(.fini8)
 *(.fini7)
 *(.fini7)
 *(.fini6)
 *(.fini6)
 *(.fini5)
 *(.fini5)
 *(.fini4)
 *(.fini4)
 *(.fini3)
 *(.fini3)
 *(.fini2)
 *(.fini2)
 *(.fini1)
 *(.fini1)
 *(.fini0)
 .fini0         0x00005ad0        0x4 e:/islam/careers/embedded/iti/sessions/01cprogramming/session14/imt_sdk_win_64/winavr/bin/../lib/gcc/avr/4.3.3/avr5\libgcc.a(_exit.o)
 *(.fini0)
                0x00005ad4                _etext = .

.data           0x00800060       0x2c load address 0x00005ad4
                0x00800060                PROVIDE (__data_start, .)
 *(.data)
 .data          0x00800060        0x0 e:/islam/careers/embedded/iti/sessions/01cprogramming/session14/imt_sdk_win_64/winavr/bin/../lib/gcc/avr/4.3.3/../../../../avr/lib/avr5/crtm32.o
 .data          0x00800060        0x0 ./MCAL/DIO/DIO_program.o
 .data          0x00800060        0x0 ./HAL/STEPPER_MOTOR/STEPPER_program.o
 .data          0x00800060        0x0 ./HAL/SSD/SSD_program.o
 .data          0x00800060        0x0 ./HAL/LED/LED_program.o
 .data          0x00800060        0x0 ./HAL/KPAD/KPAD_program.o
 .data          0x00800060        0x0 ./HAL/DC_MOTOR/DCMOTOR_program.o
 .data          0x00800060        0x0 ./HAL/CLCD/CLCD_program.o
 .data          0x00800060        0x0 ./main.o
 .data          0x00800060        0x0 e:/islam/careers/embedded/iti/sessions/01cprogramming/session14/imt_sdk_win_64/winavr/bin/../lib/gcc/avr/4.3.3/avr5\libgcc.a(_udivmodhi4.o)
 .data          0x00800060        0x0 e:/islam/careers/embedded/iti/sessions/01cprogramming/session14/imt_sdk_win_64/winavr/bin/../lib/gcc/avr/4.3.3/avr5\libgcc.a(_udivmodsi4.o)
 .data          0x00800060        0x0 e:/islam/careers/embedded/iti/sessions/01cprogramming/session14/imt_sdk_win_64/winavr/bin/../lib/gcc/avr/4.3.3/avr5\libgcc.a(_exit.o)
 .data          0x00800060        0x0 e:/islam/careers/embedded/iti/sessions/01cprogramming/session14/imt_sdk_win_64/winavr/bin/../lib/gcc/avr/4.3.3/avr5\libgcc.a(_copy_data.o)
 .data          0x00800060        0x0 e:/islam/careers/embedded/iti/sessions/01cprogramming/session14/imt_sdk_win_64/winavr/bin/../lib/gcc/avr/4.3.3/avr5\libgcc.a(_fixunssfsi.o)
 .data          0x00800060        0x0 e:/islam/careers/embedded/iti/sessions/01cprogramming/session14/imt_sdk_win_64/winavr/bin/../lib/gcc/avr/4.3.3/avr5\libgcc.a(_addsub_sf.o)
 .data          0x00800060        0x0 e:/islam/careers/embedded/iti/sessions/01cprogramming/session14/imt_sdk_win_64/winavr/bin/../lib/gcc/avr/4.3.3/avr5\libgcc.a(_mul_sf.o)
 .data          0x00800060        0x0 e:/islam/careers/embedded/iti/sessions/01cprogramming/session14/imt_sdk_win_64/winavr/bin/../lib/gcc/avr/4.3.3/avr5\libgcc.a(_div_sf.o)
 .data          0x00800060        0x0 e:/islam/careers/embedded/iti/sessions/01cprogramming/session14/imt_sdk_win_64/winavr/bin/../lib/gcc/avr/4.3.3/avr5\libgcc.a(_gt_sf.o)
 .data          0x00800060        0x0 e:/islam/careers/embedded/iti/sessions/01cprogramming/session14/imt_sdk_win_64/winavr/bin/../lib/gcc/avr/4.3.3/avr5\libgcc.a(_ge_sf.o)
 .data          0x00800060        0x0 e:/islam/careers/embedded/iti/sessions/01cprogramming/session14/imt_sdk_win_64/winavr/bin/../lib/gcc/avr/4.3.3/avr5\libgcc.a(_lt_sf.o)
 .data          0x00800060        0x0 e:/islam/careers/embedded/iti/sessions/01cprogramming/session14/imt_sdk_win_64/winavr/bin/../lib/gcc/avr/4.3.3/avr5\libgcc.a(_sf_to_si.o)
 .data          0x00800060        0x8 e:/islam/careers/embedded/iti/sessions/01cprogramming/session14/imt_sdk_win_64/winavr/bin/../lib/gcc/avr/4.3.3/avr5\libgcc.a(_thenan_sf.o)
                0x00800060                __thenan_sf
 .data          0x00800068        0x0 e:/islam/careers/embedded/iti/sessions/01cprogramming/session14/imt_sdk_win_64/winavr/bin/../lib/gcc/avr/4.3.3/avr5\libgcc.a(_prologue.o)
 .data          0x00800068        0x0 e:/islam/careers/embedded/iti/sessions/01cprogramming/session14/imt_sdk_win_64/winavr/bin/../lib/gcc/avr/4.3.3/avr5\libgcc.a(_epilogue.o)
 .data          0x00800068        0x0 e:/islam/careers/embedded/iti/sessions/01cprogramming/session14/imt_sdk_win_64/winavr/bin/../lib/gcc/avr/4.3.3/avr5\libgcc.a(_pack_sf.o)
 .data          0x00800068        0x0 e:/islam/careers/embedded/iti/sessions/01cprogramming/session14/imt_sdk_win_64/winavr/bin/../lib/gcc/avr/4.3.3/avr5\libgcc.a(_unpack_sf.o)
 .data          0x00800068        0x0 e:/islam/careers/embedded/iti/sessions/01cprogramming/session14/imt_sdk_win_64/winavr/bin/../lib/gcc/avr/4.3.3/avr5\libgcc.a(_fpcmp_parts_sf.o)
 *(.data*)
 .data.KPAD_Au8Values
                0x00800068       0x10 ./HAL/KPAD/KPAD_program.o
                0x00800068                KPAD_Au8Values
 *(.rodata)
 *(.rodata*)
 .rodata.array  0x00800078        0xa ./HAL/SSD/SSD_program.o
 .rodata.array  0x00800082        0xa ./main.o
 *(.gnu.linkonce.d*)
                0x0080008c                . = ALIGN (0x2)
                0x0080008c                _edata = .
                0x0080008c                PROVIDE (__data_end, .)

.bss            0x0080008c        0x0
                0x0080008c                PROVIDE (__bss_start, .)
 *(.bss)
 .bss           0x0080008c        0x0 e:/islam/careers/embedded/iti/sessions/01cprogramming/session14/imt_sdk_win_64/winavr/bin/../lib/gcc/avr/4.3.3/../../../../avr/lib/avr5/crtm32.o
 .bss           0x0080008c        0x0 ./MCAL/DIO/DIO_program.o
 .bss           0x0080008c        0x0 ./HAL/STEPPER_MOTOR/STEPPER_program.o
 .bss           0x0080008c        0x0 ./HAL/SSD/SSD_program.o
 .bss           0x0080008c        0x0 ./HAL/LED/LED_program.o
 .bss           0x0080008c        0x0 ./HAL/KPAD/KPAD_program.o
 .bss           0x0080008c        0x0 ./HAL/DC_MOTOR/DCMOTOR_program.o
 .bss           0x0080008c        0x0 ./HAL/CLCD/CLCD_program.o
 .bss           0x0080008c        0x0 ./main.o
 .bss           0x0080008c        0x0 e:/islam/careers/embedded/iti/sessions/01cprogramming/session14/imt_sdk_win_64/winavr/bin/../lib/gcc/avr/4.3.3/avr5\libgcc.a(_udivmodhi4.o)
 .bss           0x0080008c        0x0 e:/islam/careers/embedded/iti/sessions/01cprogramming/session14/imt_sdk_win_64/winavr/bin/../lib/gcc/avr/4.3.3/avr5\libgcc.a(_udivmodsi4.o)
 .bss           0x0080008c        0x0 e:/islam/careers/embedded/iti/sessions/01cprogramming/session14/imt_sdk_win_64/winavr/bin/../lib/gcc/avr/4.3.3/avr5\libgcc.a(_exit.o)
 .bss           0x0080008c        0x0 e:/islam/careers/embedded/iti/sessions/01cprogramming/session14/imt_sdk_win_64/winavr/bin/../lib/gcc/avr/4.3.3/avr5\libgcc.a(_copy_data.o)
 .bss           0x0080008c        0x0 e:/islam/careers/embedded/iti/sessions/01cprogramming/session14/imt_sdk_win_64/winavr/bin/../lib/gcc/avr/4.3.3/avr5\libgcc.a(_fixunssfsi.o)
 .bss           0x0080008c        0x0 e:/islam/careers/embedded/iti/sessions/01cprogramming/session14/imt_sdk_win_64/winavr/bin/../lib/gcc/avr/4.3.3/avr5\libgcc.a(_addsub_sf.o)
 .bss           0x0080008c        0x0 e:/islam/careers/embedded/iti/sessions/01cprogramming/session14/imt_sdk_win_64/winavr/bin/../lib/gcc/avr/4.3.3/avr5\libgcc.a(_mul_sf.o)
 .bss           0x0080008c        0x0 e:/islam/careers/embedded/iti/sessions/01cprogramming/session14/imt_sdk_win_64/winavr/bin/../lib/gcc/avr/4.3.3/avr5\libgcc.a(_div_sf.o)
 .bss           0x0080008c        0x0 e:/islam/careers/embedded/iti/sessions/01cprogramming/session14/imt_sdk_win_64/winavr/bin/../lib/gcc/avr/4.3.3/avr5\libgcc.a(_gt_sf.o)
 .bss           0x0080008c        0x0 e:/islam/careers/embedded/iti/sessions/01cprogramming/session14/imt_sdk_win_64/winavr/bin/../lib/gcc/avr/4.3.3/avr5\libgcc.a(_ge_sf.o)
 .bss           0x0080008c        0x0 e:/islam/careers/embedded/iti/sessions/01cprogramming/session14/imt_sdk_win_64/winavr/bin/../lib/gcc/avr/4.3.3/avr5\libgcc.a(_lt_sf.o)
 .bss           0x0080008c        0x0 e:/islam/careers/embedded/iti/sessions/01cprogramming/session14/imt_sdk_win_64/winavr/bin/../lib/gcc/avr/4.3.3/avr5\libgcc.a(_sf_to_si.o)
 .bss           0x0080008c        0x0 e:/islam/careers/embedded/iti/sessions/01cprogramming/session14/imt_sdk_win_64/winavr/bin/../lib/gcc/avr/4.3.3/avr5\libgcc.a(_thenan_sf.o)
 .bss           0x0080008c        0x0 e:/islam/careers/embedded/iti/sessions/01cprogramming/session14/imt_sdk_win_64/winavr/bin/../lib/gcc/avr/4.3.3/avr5\libgcc.a(_prologue.o)
 .bss           0x0080008c        0x0 e:/islam/careers/embedded/iti/sessions/01cprogramming/session14/imt_sdk_win_64/winavr/bin/../lib/gcc/avr/4.3.3/avr5\libgcc.a(_epilogue.o)
 .bss           0x0080008c        0x0 e:/islam/careers/embedded/iti/sessions/01cprogramming/session14/imt_sdk_win_64/winavr/bin/../lib/gcc/avr/4.3.3/avr5\libgcc.a(_pack_sf.o)
 .bss           0x0080008c        0x0 e:/islam/careers/embedded/iti/sessions/01cprogramming/session14/imt_sdk_win_64/winavr/bin/../lib/gcc/avr/4.3.3/avr5\libgcc.a(_unpack_sf.o)
 .bss           0x0080008c        0x0 e:/islam/careers/embedded/iti/sessions/01cprogramming/session14/imt_sdk_win_64/winavr/bin/../lib/gcc/avr/4.3.3/avr5\libgcc.a(_fpcmp_parts_sf.o)
 *(.bss*)
 *(COMMON)
                0x0080008c                PROVIDE (__bss_end, .)
                0x00005ad4                __data_load_start = LOADADDR (.data)
                0x00005b00                __data_load_end = (__data_load_start + SIZEOF (.data))

.noinit         0x0080008c        0x0
                0x0080008c                PROVIDE (__noinit_start, .)
 *(.noinit*)
                0x0080008c                PROVIDE (__noinit_end, .)
                0x0080008c                _end = .
                0x0080008c                PROVIDE (__heap_start, .)

.eeprom         0x00810000        0x0
 *(.eeprom*)
                0x00810000                __eeprom_end = .

.fuse
 *(.fuse)
 *(.lfuse)
 *(.hfuse)
 *(.efuse)

.lock
 *(.lock*)

.signature
 *(.signature*)

.stab           0x00000000     0x444c
 *(.stab)
 .stab          0x00000000      0x5a0 ./MCAL/DIO/DIO_program.o
 .stab          0x000005a0     0x2100 ./HAL/STEPPER_MOTOR/STEPPER_program.o
                               0x210c (size before relaxing)
 .stab          0x000026a0      0x2ac ./HAL/SSD/SSD_program.o
                                0x2b8 (size before relaxing)
 .stab          0x0000294c      0x294 ./HAL/LED/LED_program.o
                                0x2a0 (size before relaxing)
 .stab          0x00002be0      0x450 ./HAL/KPAD/KPAD_program.o
                                0x5e8 (size before relaxing)
 .stab          0x00003030      0x27c ./HAL/DC_MOTOR/DCMOTOR_program.o
                                0x414 (size before relaxing)
 .stab          0x000032ac      0xfd8 ./HAL/CLCD/CLCD_program.o
                               0x1170 (size before relaxing)
 .stab          0x00004284      0x1c8 ./main.o
                                0x390 (size before relaxing)

.stabstr        0x00000000     0x11f7
 *(.stabstr)
 .stabstr       0x00000000     0x11f7 ./MCAL/DIO/DIO_program.o

.stab.excl
 *(.stab.excl)

.stab.exclstr
 *(.stab.exclstr)

.stab.index
 *(.stab.index)

.stab.indexstr
 *(.stab.indexstr)

.comment
 *(.comment)

.debug
 *(.debug)

.line
 *(.line)

.debug_srcinfo
 *(.debug_srcinfo)

.debug_sfnames
 *(.debug_sfnames)

.debug_aranges  0x00000000      0x160
 *(.debug_aranges)
 .debug_aranges
                0x00000000       0x20 e:/islam/careers/embedded/iti/sessions/01cprogramming/session14/imt_sdk_win_64/winavr/bin/../lib/gcc/avr/4.3.3/avr5\libgcc.a(_fixunssfsi.o)
 .debug_aranges
                0x00000020       0x20 e:/islam/careers/embedded/iti/sessions/01cprogramming/session14/imt_sdk_win_64/winavr/bin/../lib/gcc/avr/4.3.3/avr5\libgcc.a(_addsub_sf.o)
 .debug_aranges
                0x00000040       0x20 e:/islam/careers/embedded/iti/sessions/01cprogramming/session14/imt_sdk_win_64/winavr/bin/../lib/gcc/avr/4.3.3/avr5\libgcc.a(_mul_sf.o)
 .debug_aranges
                0x00000060       0x20 e:/islam/careers/embedded/iti/sessions/01cprogramming/session14/imt_sdk_win_64/winavr/bin/../lib/gcc/avr/4.3.3/avr5\libgcc.a(_div_sf.o)
 .debug_aranges
                0x00000080       0x20 e:/islam/careers/embedded/iti/sessions/01cprogramming/session14/imt_sdk_win_64/winavr/bin/../lib/gcc/avr/4.3.3/avr5\libgcc.a(_gt_sf.o)
 .debug_aranges
                0x000000a0       0x20 e:/islam/careers/embedded/iti/sessions/01cprogramming/session14/imt_sdk_win_64/winavr/bin/../lib/gcc/avr/4.3.3/avr5\libgcc.a(_ge_sf.o)
 .debug_aranges
                0x000000c0       0x20 e:/islam/careers/embedded/iti/sessions/01cprogramming/session14/imt_sdk_win_64/winavr/bin/../lib/gcc/avr/4.3.3/avr5\libgcc.a(_lt_sf.o)
 .debug_aranges
                0x000000e0       0x20 e:/islam/careers/embedded/iti/sessions/01cprogramming/session14/imt_sdk_win_64/winavr/bin/../lib/gcc/avr/4.3.3/avr5\libgcc.a(_sf_to_si.o)
 .debug_aranges
                0x00000100       0x20 e:/islam/careers/embedded/iti/sessions/01cprogramming/session14/imt_sdk_win_64/winavr/bin/../lib/gcc/avr/4.3.3/avr5\libgcc.a(_pack_sf.o)
 .debug_aranges
                0x00000120       0x20 e:/islam/careers/embedded/iti/sessions/01cprogramming/session14/imt_sdk_win_64/winavr/bin/../lib/gcc/avr/4.3.3/avr5\libgcc.a(_unpack_sf.o)
 .debug_aranges
                0x00000140       0x20 e:/islam/careers/embedded/iti/sessions/01cprogramming/session14/imt_sdk_win_64/winavr/bin/../lib/gcc/avr/4.3.3/avr5\libgcc.a(_fpcmp_parts_sf.o)

.debug_pubnames
                0x00000000      0x18f
 *(.debug_pubnames)
 .debug_pubnames
                0x00000000       0x23 e:/islam/careers/embedded/iti/sessions/01cprogramming/session14/imt_sdk_win_64/winavr/bin/../lib/gcc/avr/4.3.3/avr5\libgcc.a(_fixunssfsi.o)
 .debug_pubnames
                0x00000023       0x2c e:/islam/careers/embedded/iti/sessions/01cprogramming/session14/imt_sdk_win_64/winavr/bin/../lib/gcc/avr/4.3.3/avr5\libgcc.a(_addsub_sf.o)
 .debug_pubnames
                0x0000004f       0x1f e:/islam/careers/embedded/iti/sessions/01cprogramming/session14/imt_sdk_win_64/winavr/bin/../lib/gcc/avr/4.3.3/avr5\libgcc.a(_mul_sf.o)
 .debug_pubnames
                0x0000006e       0x1f e:/islam/careers/embedded/iti/sessions/01cprogramming/session14/imt_sdk_win_64/winavr/bin/../lib/gcc/avr/4.3.3/avr5\libgcc.a(_div_sf.o)
 .debug_pubnames
                0x0000008d       0x1e e:/islam/careers/embedded/iti/sessions/01cprogramming/session14/imt_sdk_win_64/winavr/bin/../lib/gcc/avr/4.3.3/avr5\libgcc.a(_gt_sf.o)
 .debug_pubnames
                0x000000ab       0x1e e:/islam/careers/embedded/iti/sessions/01cprogramming/session14/imt_sdk_win_64/winavr/bin/../lib/gcc/avr/4.3.3/avr5\libgcc.a(_ge_sf.o)
 .debug_pubnames
                0x000000c9       0x1e e:/islam/careers/embedded/iti/sessions/01cprogramming/session14/imt_sdk_win_64/winavr/bin/../lib/gcc/avr/4.3.3/avr5\libgcc.a(_lt_sf.o)
 .debug_pubnames
                0x000000e7       0x20 e:/islam/careers/embedded/iti/sessions/01cprogramming/session14/imt_sdk_win_64/winavr/bin/../lib/gcc/avr/4.3.3/avr5\libgcc.a(_sf_to_si.o)
 .debug_pubnames
                0x00000107       0x22 e:/islam/careers/embedded/iti/sessions/01cprogramming/session14/imt_sdk_win_64/winavr/bin/../lib/gcc/avr/4.3.3/avr5\libgcc.a(_thenan_sf.o)
 .debug_pubnames
                0x00000129       0x1f e:/islam/careers/embedded/iti/sessions/01cprogramming/session14/imt_sdk_win_64/winavr/bin/../lib/gcc/avr/4.3.3/avr5\libgcc.a(_pack_sf.o)
 .debug_pubnames
                0x00000148       0x21 e:/islam/careers/embedded/iti/sessions/01cprogramming/session14/imt_sdk_win_64/winavr/bin/../lib/gcc/avr/4.3.3/avr5\libgcc.a(_unpack_sf.o)
 .debug_pubnames
                0x00000169       0x26 e:/islam/careers/embedded/iti/sessions/01cprogramming/session14/imt_sdk_win_64/winavr/bin/../lib/gcc/avr/4.3.3/avr5\libgcc.a(_fpcmp_parts_sf.o)

.debug_info     0x00000000     0x2045
 *(.debug_info)
 .debug_info    0x00000000       0xb1 e:/islam/careers/embedded/iti/sessions/01cprogramming/session14/imt_sdk_win_64/winavr/bin/../lib/gcc/avr/4.3.3/avr5\libgcc.a(_fixunssfsi.o)
 .debug_info    0x000000b1      0x47a e:/islam/careers/embedded/iti/sessions/01cprogramming/session14/imt_sdk_win_64/winavr/bin/../lib/gcc/avr/4.3.3/avr5\libgcc.a(_addsub_sf.o)
 .debug_info    0x0000052b      0x485 e:/islam/careers/embedded/iti/sessions/01cprogramming/session14/imt_sdk_win_64/winavr/bin/../lib/gcc/avr/4.3.3/avr5\libgcc.a(_mul_sf.o)
 .debug_info    0x000009b0      0x3fc e:/islam/careers/embedded/iti/sessions/01cprogramming/session14/imt_sdk_win_64/winavr/bin/../lib/gcc/avr/4.3.3/avr5\libgcc.a(_div_sf.o)
 .debug_info    0x00000dac      0x27f e:/islam/careers/embedded/iti/sessions/01cprogramming/session14/imt_sdk_win_64/winavr/bin/../lib/gcc/avr/4.3.3/avr5\libgcc.a(_gt_sf.o)
 .debug_info    0x0000102b      0x27f e:/islam/careers/embedded/iti/sessions/01cprogramming/session14/imt_sdk_win_64/winavr/bin/../lib/gcc/avr/4.3.3/avr5\libgcc.a(_ge_sf.o)
 .debug_info    0x000012aa      0x27f e:/islam/careers/embedded/iti/sessions/01cprogramming/session14/imt_sdk_win_64/winavr/bin/../lib/gcc/avr/4.3.3/avr5\libgcc.a(_lt_sf.o)
 .debug_info    0x00001529      0x2b0 e:/islam/careers/embedded/iti/sessions/01cprogramming/session14/imt_sdk_win_64/winavr/bin/../lib/gcc/avr/4.3.3/avr5\libgcc.a(_sf_to_si.o)
 .debug_info    0x000017d9      0x12c e:/islam/careers/embedded/iti/sessions/01cprogramming/session14/imt_sdk_win_64/winavr/bin/../lib/gcc/avr/4.3.3/avr5\libgcc.a(_thenan_sf.o)
 .debug_info    0x00001905      0x2df e:/islam/careers/embedded/iti/sessions/01cprogramming/session14/imt_sdk_win_64/winavr/bin/../lib/gcc/avr/4.3.3/avr5\libgcc.a(_pack_sf.o)
 .debug_info    0x00001be4      0x251 e:/islam/careers/embedded/iti/sessions/01cprogramming/session14/imt_sdk_win_64/winavr/bin/../lib/gcc/avr/4.3.3/avr5\libgcc.a(_unpack_sf.o)
 .debug_info    0x00001e35      0x210 e:/islam/careers/embedded/iti/sessions/01cprogramming/session14/imt_sdk_win_64/winavr/bin/../lib/gcc/avr/4.3.3/avr5\libgcc.a(_fpcmp_parts_sf.o)
 *(.gnu.linkonce.wi.*)

.debug_abbrev   0x00000000     0x1101
 *(.debug_abbrev)
 .debug_abbrev  0x00000000       0x5d e:/islam/careers/embedded/iti/sessions/01cprogramming/session14/imt_sdk_win_64/winavr/bin/../lib/gcc/avr/4.3.3/avr5\libgcc.a(_fixunssfsi.o)
 .debug_abbrev  0x0000005d      0x1ea e:/islam/careers/embedded/iti/sessions/01cprogramming/session14/imt_sdk_win_64/winavr/bin/../lib/gcc/avr/4.3.3/avr5\libgcc.a(_addsub_sf.o)
 .debug_abbrev  0x00000247      0x21b e:/islam/careers/embedded/iti/sessions/01cprogramming/session14/imt_sdk_win_64/winavr/bin/../lib/gcc/avr/4.3.3/avr5\libgcc.a(_mul_sf.o)
 .debug_abbrev  0x00000462      0x216 e:/islam/careers/embedded/iti/sessions/01cprogramming/session14/imt_sdk_win_64/winavr/bin/../lib/gcc/avr/4.3.3/avr5\libgcc.a(_div_sf.o)
 .debug_abbrev  0x00000678      0x15a e:/islam/careers/embedded/iti/sessions/01cprogramming/session14/imt_sdk_win_64/winavr/bin/../lib/gcc/avr/4.3.3/avr5\libgcc.a(_gt_sf.o)
 .debug_abbrev  0x000007d2      0x15a e:/islam/careers/embedded/iti/sessions/01cprogramming/session14/imt_sdk_win_64/winavr/bin/../lib/gcc/avr/4.3.3/avr5\libgcc.a(_ge_sf.o)
 .debug_abbrev  0x0000092c      0x15a e:/islam/careers/embedded/iti/sessions/01cprogramming/session14/imt_sdk_win_64/winavr/bin/../lib/gcc/avr/4.3.3/avr5\libgcc.a(_lt_sf.o)
 .debug_abbrev  0x00000a86      0x17f e:/islam/careers/embedded/iti/sessions/01cprogramming/session14/imt_sdk_win_64/winavr/bin/../lib/gcc/avr/4.3.3/avr5\libgcc.a(_sf_to_si.o)
 .debug_abbrev  0x00000c05       0xad e:/islam/careers/embedded/iti/sessions/01cprogramming/session14/imt_sdk_win_64/winavr/bin/../lib/gcc/avr/4.3.3/avr5\libgcc.a(_thenan_sf.o)
 .debug_abbrev  0x00000cb2      0x1c0 e:/islam/careers/embedded/iti/sessions/01cprogramming/session14/imt_sdk_win_64/winavr/bin/../lib/gcc/avr/4.3.3/avr5\libgcc.a(_pack_sf.o)
 .debug_abbrev  0x00000e72      0x154 e:/islam/careers/embedded/iti/sessions/01cprogramming/session14/imt_sdk_win_64/winavr/bin/../lib/gcc/avr/4.3.3/avr5\libgcc.a(_unpack_sf.o)
 .debug_abbrev  0x00000fc6      0x13b e:/islam/careers/embedded/iti/sessions/01cprogramming/session14/imt_sdk_win_64/winavr/bin/../lib/gcc/avr/4.3.3/avr5\libgcc.a(_fpcmp_parts_sf.o)

.debug_line     0x00000000      0xf82
 *(.debug_line)
 .debug_line    0x00000000       0xa7 e:/islam/careers/embedded/iti/sessions/01cprogramming/session14/imt_sdk_win_64/winavr/bin/../lib/gcc/avr/4.3.3/avr5\libgcc.a(_fixunssfsi.o)
 .debug_line    0x000000a7      0x2af e:/islam/careers/embedded/iti/sessions/01cprogramming/session14/imt_sdk_win_64/winavr/bin/../lib/gcc/avr/4.3.3/avr5\libgcc.a(_addsub_sf.o)
 .debug_line    0x00000356      0x239 e:/islam/careers/embedded/iti/sessions/01cprogramming/session14/imt_sdk_win_64/winavr/bin/../lib/gcc/avr/4.3.3/avr5\libgcc.a(_mul_sf.o)
 .debug_line    0x0000058f      0x1d5 e:/islam/careers/embedded/iti/sessions/01cprogramming/session14/imt_sdk_win_64/winavr/bin/../lib/gcc/avr/4.3.3/avr5\libgcc.a(_div_sf.o)
 .debug_line    0x00000764       0xd3 e:/islam/careers/embedded/iti/sessions/01cprogramming/session14/imt_sdk_win_64/winavr/bin/../lib/gcc/avr/4.3.3/avr5\libgcc.a(_gt_sf.o)
 .debug_line    0x00000837       0xd3 e:/islam/careers/embedded/iti/sessions/01cprogramming/session14/imt_sdk_win_64/winavr/bin/../lib/gcc/avr/4.3.3/avr5\libgcc.a(_ge_sf.o)
 .debug_line    0x0000090a       0xd3 e:/islam/careers/embedded/iti/sessions/01cprogramming/session14/imt_sdk_win_64/winavr/bin/../lib/gcc/avr/4.3.3/avr5\libgcc.a(_lt_sf.o)
 .debug_line    0x000009dd      0x109 e:/islam/careers/embedded/iti/sessions/01cprogramming/session14/imt_sdk_win_64/winavr/bin/../lib/gcc/avr/4.3.3/avr5\libgcc.a(_sf_to_si.o)
 .debug_line    0x00000ae6       0x90 e:/islam/careers/embedded/iti/sessions/01cprogramming/session14/imt_sdk_win_64/winavr/bin/../lib/gcc/avr/4.3.3/avr5\libgcc.a(_thenan_sf.o)
 .debug_line    0x00000b76      0x18a e:/islam/careers/embedded/iti/sessions/01cprogramming/session14/imt_sdk_win_64/winavr/bin/../lib/gcc/avr/4.3.3/avr5\libgcc.a(_pack_sf.o)
 .debug_line    0x00000d00      0x14b e:/islam/careers/embedded/iti/sessions/01cprogramming/session14/imt_sdk_win_64/winavr/bin/../lib/gcc/avr/4.3.3/avr5\libgcc.a(_unpack_sf.o)
 .debug_line    0x00000e4b      0x137 e:/islam/careers/embedded/iti/sessions/01cprogramming/session14/imt_sdk_win_64/winavr/bin/../lib/gcc/avr/4.3.3/avr5\libgcc.a(_fpcmp_parts_sf.o)

.debug_frame    0x00000000      0x180
 *(.debug_frame)
 .debug_frame   0x00000000       0x20 e:/islam/careers/embedded/iti/sessions/01cprogramming/session14/imt_sdk_win_64/winavr/bin/../lib/gcc/avr/4.3.3/avr5\libgcc.a(_fixunssfsi.o)
 .debug_frame   0x00000020       0x40 e:/islam/careers/embedded/iti/sessions/01cprogramming/session14/imt_sdk_win_64/winavr/bin/../lib/gcc/avr/4.3.3/avr5\libgcc.a(_addsub_sf.o)
 .debug_frame   0x00000060       0x20 e:/islam/careers/embedded/iti/sessions/01cprogramming/session14/imt_sdk_win_64/winavr/bin/../lib/gcc/avr/4.3.3/avr5\libgcc.a(_mul_sf.o)
 .debug_frame   0x00000080       0x20 e:/islam/careers/embedded/iti/sessions/01cprogramming/session14/imt_sdk_win_64/winavr/bin/../lib/gcc/avr/4.3.3/avr5\libgcc.a(_div_sf.o)
 .debug_frame   0x000000a0       0x20 e:/islam/careers/embedded/iti/sessions/01cprogramming/session14/imt_sdk_win_64/winavr/bin/../lib/gcc/avr/4.3.3/avr5\libgcc.a(_gt_sf.o)
 .debug_frame   0x000000c0       0x20 e:/islam/careers/embedded/iti/sessions/01cprogramming/session14/imt_sdk_win_64/winavr/bin/../lib/gcc/avr/4.3.3/avr5\libgcc.a(_ge_sf.o)
 .debug_frame   0x000000e0       0x20 e:/islam/careers/embedded/iti/sessions/01cprogramming/session14/imt_sdk_win_64/winavr/bin/../lib/gcc/avr/4.3.3/avr5\libgcc.a(_lt_sf.o)
 .debug_frame   0x00000100       0x20 e:/islam/careers/embedded/iti/sessions/01cprogramming/session14/imt_sdk_win_64/winavr/bin/../lib/gcc/avr/4.3.3/avr5\libgcc.a(_sf_to_si.o)
 .debug_frame   0x00000120       0x20 e:/islam/careers/embedded/iti/sessions/01cprogramming/session14/imt_sdk_win_64/winavr/bin/../lib/gcc/avr/4.3.3/avr5\libgcc.a(_pack_sf.o)
 .debug_frame   0x00000140       0x20 e:/islam/careers/embedded/iti/sessions/01cprogramming/session14/imt_sdk_win_64/winavr/bin/../lib/gcc/avr/4.3.3/avr5\libgcc.a(_unpack_sf.o)
 .debug_frame   0x00000160       0x20 e:/islam/careers/embedded/iti/sessions/01cprogramming/session14/imt_sdk_win_64/winavr/bin/../lib/gcc/avr/4.3.3/avr5\libgcc.a(_fpcmp_parts_sf.o)

.debug_str      0x00000000      0x2c2
 *(.debug_str)
 .debug_str     0x00000000       0xbf e:/islam/careers/embedded/iti/sessions/01cprogramming/session14/imt_sdk_win_64/winavr/bin/../lib/gcc/avr/4.3.3/avr5\libgcc.a(_fixunssfsi.o)
                                 0xfe (size before relaxing)
 .debug_str     0x000000bf      0x14d e:/islam/careers/embedded/iti/sessions/01cprogramming/session14/imt_sdk_win_64/winavr/bin/../lib/gcc/avr/4.3.3/avr5\libgcc.a(_addsub_sf.o)
                                0x206 (size before relaxing)
 .debug_str     0x0000020c       0x27 e:/islam/careers/embedded/iti/sessions/01cprogramming/session14/imt_sdk_win_64/winavr/bin/../lib/gcc/avr/4.3.3/avr5\libgcc.a(_mul_sf.o)
                                0x1bf (size before relaxing)
 .debug_str     0x00000233       0x35 e:/islam/careers/embedded/iti/sessions/01cprogramming/session14/imt_sdk_win_64/winavr/bin/../lib/gcc/avr/4.3.3/avr5\libgcc.a(_div_sf.o)
                                0x1c8 (size before relaxing)
 .debug_str     0x00000268        0xf e:/islam/careers/embedded/iti/sessions/01cprogramming/session14/imt_sdk_win_64/winavr/bin/../lib/gcc/avr/4.3.3/avr5\libgcc.a(_gt_sf.o)
                                0x195 (size before relaxing)
 .debug_str     0x00000277        0x8 e:/islam/careers/embedded/iti/sessions/01cprogramming/session14/imt_sdk_win_64/winavr/bin/../lib/gcc/avr/4.3.3/avr5\libgcc.a(_ge_sf.o)
                                0x195 (size before relaxing)
 .debug_str     0x0000027f        0x8 e:/islam/careers/embedded/iti/sessions/01cprogramming/session14/imt_sdk_win_64/winavr/bin/../lib/gcc/avr/4.3.3/avr5\libgcc.a(_lt_sf.o)
                                0x195 (size before relaxing)
 .debug_str     0x00000287        0xa e:/islam/careers/embedded/iti/sessions/01cprogramming/session14/imt_sdk_win_64/winavr/bin/../lib/gcc/avr/4.3.3/avr5\libgcc.a(_sf_to_si.o)
                                0x19e (size before relaxing)
 .debug_str     0x00000000      0x103 e:/islam/careers/embedded/iti/sessions/01cprogramming/session14/imt_sdk_win_64/winavr/bin/../lib/gcc/avr/4.3.3/avr5\libgcc.a(_thenan_sf.o)
 .debug_str     0x00000291       0x16 e:/islam/careers/embedded/iti/sessions/01cprogramming/session14/imt_sdk_win_64/winavr/bin/../lib/gcc/avr/4.3.3/avr5\libgcc.a(_pack_sf.o)
                                0x19d (size before relaxing)
 .debug_str     0x000002a7        0xb e:/islam/careers/embedded/iti/sessions/01cprogramming/session14/imt_sdk_win_64/winavr/bin/../lib/gcc/avr/4.3.3/avr5\libgcc.a(_unpack_sf.o)
                                0x17f (size before relaxing)
 .debug_str     0x000002b2       0x10 e:/islam/careers/embedded/iti/sessions/01cprogramming/session14/imt_sdk_win_64/winavr/bin/../lib/gcc/avr/4.3.3/avr5\libgcc.a(_fpcmp_parts_sf.o)
                                0x163 (size before relaxing)

.debug_loc      0x00000000      0x88e
 *(.debug_loc)
 .debug_loc     0x00000000       0x34 e:/islam/careers/embedded/iti/sessions/01cprogramming/session14/imt_sdk_win_64/winavr/bin/../lib/gcc/avr/4.3.3/avr5\libgcc.a(_fixunssfsi.o)
 .debug_loc     0x00000034      0x32a e:/islam/careers/embedded/iti/sessions/01cprogramming/session14/imt_sdk_win_64/winavr/bin/../lib/gcc/avr/4.3.3/avr5\libgcc.a(_addsub_sf.o)
 .debug_loc     0x0000035e      0x104 e:/islam/careers/embedded/iti/sessions/01cprogramming/session14/imt_sdk_win_64/winavr/bin/../lib/gcc/avr/4.3.3/avr5\libgcc.a(_mul_sf.o)
 .debug_loc     0x00000462       0xc0 e:/islam/careers/embedded/iti/sessions/01cprogramming/session14/imt_sdk_win_64/winavr/bin/../lib/gcc/avr/4.3.3/avr5\libgcc.a(_div_sf.o)
 .debug_loc     0x00000522       0x3c e:/islam/careers/embedded/iti/sessions/01cprogramming/session14/imt_sdk_win_64/winavr/bin/../lib/gcc/avr/4.3.3/avr5\libgcc.a(_gt_sf.o)
 .debug_loc     0x0000055e       0x3c e:/islam/careers/embedded/iti/sessions/01cprogramming/session14/imt_sdk_win_64/winavr/bin/../lib/gcc/avr/4.3.3/avr5\libgcc.a(_ge_sf.o)
 .debug_loc     0x0000059a       0x3c e:/islam/careers/embedded/iti/sessions/01cprogramming/session14/imt_sdk_win_64/winavr/bin/../lib/gcc/avr/4.3.3/avr5\libgcc.a(_lt_sf.o)
 .debug_loc     0x000005d6       0x7e e:/islam/careers/embedded/iti/sessions/01cprogramming/session14/imt_sdk_win_64/winavr/bin/../lib/gcc/avr/4.3.3/avr5\libgcc.a(_sf_to_si.o)
 .debug_loc     0x00000654      0x13e e:/islam/careers/embedded/iti/sessions/01cprogramming/session14/imt_sdk_win_64/winavr/bin/../lib/gcc/avr/4.3.3/avr5\libgcc.a(_pack_sf.o)
 .debug_loc     0x00000792       0xac e:/islam/careers/embedded/iti/sessions/01cprogramming/session14/imt_sdk_win_64/winavr/bin/../lib/gcc/avr/4.3.3/avr5\libgcc.a(_unpack_sf.o)
 .debug_loc     0x0000083e       0x50 e:/islam/careers/embedded/iti/sessions/01cprogramming/session14/imt_sdk_win_64/winavr/bin/../lib/gcc/avr/4.3.3/avr5\libgcc.a(_fpcmp_parts_sf.o)

.debug_macinfo
 *(.debug_macinfo)
OUTPUT(CoTS.elf elf32-avr)
LOAD linker stubs

.debug_ranges   0x00000000       0x50
 .debug_ranges  0x00000000       0x50 e:/islam/careers/embedded/iti/sessions/01cprogramming/session14/imt_sdk_win_64/winavr/bin/../lib/gcc/avr/4.3.3/avr5\libgcc.a(_mul_sf.o)
